
❯ Ok, I want to see the DMA, BlockMover, and Streamer programs for a large matmul, say a 4096x1024 @ 1024x8196. Let's run it on a T256, so that is a
  16x16 checkerboard and use L3 size of 256kbyte and an L2 size of 16k and an L1 size of 1K (4 sides of 1K each). To make the testing of the different
  pushers easier, we should create a test harnass for one DMA engine and a set of DMA engines connected to a memory controller, a test harnass for a
  BlockMover connected to an L3 and a set of L2s, and a test harnass for a Streamer connected to an L2 and and L1. The programs generated by our
  assembler would generate sequences of tile movements that we should be able to observe and test. Please create a task list for this set of
  requirements, and give me a roadmap for implementation.

● This is a substantial piece of work. Let me analyze the problem and create a comprehensive task list and roadmap.

Problem Analysis

MatMul Dimensions:
  - A[4096, 1024] × B[1024, 8192] = C[4096, 8192]
  - M=4096, K=1024, N=8192
  - FLOPs = 2 × M × N × K = 68.7 billion

Hardware Configuration (T256):
  - Systolic array: 16×16 = 256 PEs
  - L3: 256KB (65,536 floats)
  - L2: 16KB (4,096 floats)
  - L1: 1KB per side (256 floats = 16×16 tile)

Tiling (constrained by L1):
  - Ti = Tj = Tk = 16 (matches systolic array and L1 capacity)
  - Output tiles: 256 × 512 = 131,072 tiles
  - Reduction tiles per output: 64
  - Total tile operations: 131,072 × 64 = 8.4 million

● Write(docs/plans/large_matmul_component_harnesses.md)
  ⎿  Wrote 363 lines to docs/plans/large_matmul_component_harnesses.md
      1 # Large MatMul Component Test Harnesses
      2 ## Goal
      3 Create test harnesses for DMA, BlockMover, and Streamer components that can execute
      4 and observe tile movement programs for a large matmul (4096×1024 @ 1024×8192) on
      5 T256 hardware configuration.
      6 ## Problem Dimensions
     … +353 lines (ctrl+o to expand)

● I've created a detailed plan at docs/plans/large_matmul_component_harnesses.md. Here's the summary:

  Problem Scale
  ┌───────────────────────┬────────────────────────────────────────────┐
  │       Dimension       │                   Value                    │
  ├───────────────────────┼────────────────────────────────────────────┤
  │ MatMul                │ A[4096,1024] × B[1024,8192] = C[4096,8192] │
  ├───────────────────────┼────────────────────────────────────────────┤
  │ FLOPs                 │ 68.7 billion                               │
  ├───────────────────────┼────────────────────────────────────────────┤
  │ Tile size             │ 16×16 (matches T256 and L1 capacity)       │
  ├───────────────────────┼────────────────────────────────────────────┤
  │ Output tiles          │ 256 × 512 = 131,072                        │
  ├───────────────────────┼────────────────────────────────────────────┤
  │ Reductions per output │ 64                                         │
  ├───────────────────────┼────────────────────────────────────────────┤
  │ Total tile operations │ 8.4 million                                │
  └───────────────────────┴────────────────────────────────────────────┘
  Data Movement Summary
  ┌────────────────────┬───────────────────────┬───────────────────────────┐
  │     Component      │        Traffic        │        Operations         │
  ├────────────────────┼───────────────────────┼───────────────────────────┤
  │ DMA (Ext↔L3)       │ 176 MB (with caching) │ 180K tiles                │
  ├────────────────────┼───────────────────────┼───────────────────────────┤
  │ BlockMover         │ ~16 GB                │ 16.8M moves               │
  │ (L3↔L2)            │                       │                           │
  ├────────────────────┼───────────────────────┼───────────────────────────┤
  │ Streamer (L2↔L1)   │ ~16 GB                │ 16.8M feeds + 131K drains │
  └────────────────────┴───────────────────────┴───────────────────────────┘
  Implementation Roadmap

  Phase 1: Infrastructure (harness interfaces, T256 config)
      │
      ├── TileMovementEvent struct
      ├── IComponentHarness interface
      ├── T256 hardware configuration
      └── Program partitioner (full → DMA/BM/STR)

  Phase 2: DMA Test Harness
      │
      ├── Single DMA channel harness
      ├── Multi-channel + Memory Controller
      └── Bandwidth/latency verification

  Phase 3: BlockMover Test Harness
      │
      ├── L3 → L2 transfer harness
      ├── Transform (transpose) testing
      └── Credit flow verification

  Phase 4: Streamer Test Harness
      │
      ├── Row feeding (A matrix)
      ├── Column feeding (B matrix)
      └── Drain pattern (C matrix)

  Phase 5: Large MatMul Programs
      │
      ├── Full assembly program (generated)
      ├── DMA sub-program extraction
      ├── BM sub-program extraction
      └── STR sub-program extraction

  Phase 6: Visualization
      │
      ├── Chrome Trace export
      └── ASCII timeline

Key Design Decisions Needed

  1. Program generation: 8.4M tile operations means we need to generate the assembly programmatically, not write it by hand.
  2. Caching model: Should the harnesses model L3 tile caching? (Huge impact on DMA traffic)
  3. Pipelining: Should harnesses support overlapped execution (DMA prefetch while BM moves)?
  4. Credit system: How detailed should credit flow modeling be?

  Would you like me to start implementing Phase 1 (infrastructure), or would you prefer to discuss the design decisions first?

✻ Cogitated for 1m 38s

  Todos · ctrl+t to hide todos
  ☐ Design component test harness architecture
  ☐ Create DMA engine test harness (single + multi-channel)
  ☐ Create BlockMover test harness (L3 → L2 transfers)
  ☐ Create Streamer test harness (L2 → L1 feeds)
  ☐ Define T256 hardware configuration
  ☐ Generate large matmul assembly program
  ☐ Extract DMA sub-program from full schedule
  ☐ Extract BlockMover sub-program from full schedule
  ☐ Extract Streamer sub-program from full schedule
  ☐ Implement tile movement tracing/visualization
  ☐ Validate component programs independently
  ☐ Integrate and validate full schedule

❯ Interesting, from this it is clear that you have not deeply thought about the ISA and programming model: the checkerboard architecture is a scalable
  block matrix setup, so we basically have two layers of matmul, the compute tile is doing a 16x16 matmul, and the checkerboard is doing a 16x16 block
  matmul, and we can do a set of block matmuls because we can hold a set of matrix tiles in the L3, that we need to maximize the reuse for. So the
  checkerboard is moving blocks of tiles to schedule a blocked matmul, and the compute tiles are executing 16x16 matmuls that represent the constituent
  matmul building block for the block matmul. Because we are doing a system level schedule, the DMA, BLockMover, and Streamer all need their own
  sequencing and address generation capability otherwise it is impossible to support large matmuls like this: we would not have enough program storage
  at the DMA, BlockMover or Streamer to hold all the commands. So, in your ISA analysis, you did not identify this requirement? Can you RCA why you
  missed this functionality. Block matmul is the key to all of this and we have on our KPU SoC a two level block matmul, and when we have multiple KPU
  SoCs, we'll have a three level block matmul to schedule. Please tell me where you went wrong, and why you didn't identify this requirement and design
  option.


● You're absolutely right, and this is an important failure to analyze. Let me do a proper RCA.

  Root Cause Analysis

  What I Got Wrong

  I treated the KPU as a Von Neumann machine where every operation is an explicit instruction. I proposed:
  - 8.4 million explicit tile operations
  - Enumerating every DMA load, every BM move, every STR feed
  - "Assembling" a program with millions of instructions

  This is fundamentally wrong for three reasons:

  1. Program Storage is Finite

  A DMA engine, BlockMover, or Streamer has a small instruction buffer (maybe 64-256 entries). You cannot store millions of instructions. I should have asked: "How do real DMA controllers handle large transfers?"

  Answer: Descriptors with loops and address generation, not explicit per-transfer instructions.

  2. I Ignored the Loop Instructions Already in the ISA

  // These exist in data_movement_isa.hpp - I listed them but didn't understand WHY
  LOOP_BEGIN,  // Start hardware loop
  LOOP_END,    // End hardware loop

  These exist precisely to enable compact programs. A loop with address generation can express millions of operations in ~10 instructions.

  3. I Missed the Hierarchical Block Matrix Structure

  The KPU has two levels of block matmul:

  Level 2: Checkerboard (16×16 compute tiles)
           Each "element" is a 16×16 tile
           Block matmul: C_block += A_block × B_block

  Level 1: Compute Tile (16×16 PEs)
           Each "element" is a float
           Element matmul: C += A × B

  For a 4096×1024 @ 1024×8192 matmul on T256:
  - The checkerboard processes 256×256 element super-tiles (16 compute tiles × 16 elements each)
  - This is a 16×32 @ 4×32 block matmul at the checkerboard level
  - Each block operation triggers a 16×16 tile matmul at compute level

  Why I Missed This
  ┌─────────────────────────────┬─────────────────────────────────────┬─────────────────────────────────────────────────────┐
  │           Failure           │             What I Did              │               What I Should Have Done               │
  ├─────────────────────────────┼─────────────────────────────────────┼─────────────────────────────────────────────────────┤
  │ Didn't think about scaling  │ Assumed explicit enumeration        │ Asked "what happens at 10000× scale?"               │
  ├─────────────────────────────┼─────────────────────────────────────┼─────────────────────────────────────────────────────┤
  │ Ignored loop opcodes        │ Listed them, didn't analyze purpose │ Asked "why do these exist?"                         │
  ├─────────────────────────────┼─────────────────────────────────────┼─────────────────────────────────────────────────────┤
  │ Missed block matrix algebra │ Treated it as flat tile iteration   │ Recognized hierarchical decomposition               │
  ├─────────────────────────────┼─────────────────────────────────────┼─────────────────────────────────────────────────────┤
  │ No storage analysis         │ Assumed infinite program memory     │ Considered real hardware constraints                │
  ├─────────────────────────────┼─────────────────────────────────────┼─────────────────────────────────────────────────────┤
  │ Didn't study DMA patterns   │ Invented from scratch               │ Looked at how real DMAs work (descriptors, strides) │
  └─────────────────────────────┴─────────────────────────────────────┴─────────────────────────────────────────────────────┘
  What the Programming Model Should Look Like

  DMA Program (Compact Form)

  Instead of 180K explicit load instructions:

  ; Configure address generation
  SET_BASE A, 0x00000000          ; A matrix base
  SET_STRIDE A, 64, 4096          ; A: row stride = K*4, col stride = M*K*4
  SET_TILE_SIZE 16, 16            ; 16×16 tiles

  ; Loop over tiles needed
  LOOP_BEGIN 0, 256, 1            ; ti = 0..255 (M/Ti)
    LOOP_BEGIN 1, 64, 1           ; tk = 0..63 (K/Tk)
      DMA_LOAD_TILE A, AUTO       ; Address computed from (ti, tk) and strides
    LOOP_END 1
  LOOP_END 0

  ; Similar for B with different strides

  This is ~20 instructions, not 180,000.

  BlockMover Program (Compact Form)

  ; Configure L3→L2 transfer pattern
  SET_L3_BASE 0
  SET_L2_BASE 0
  SET_BLOCK_SIZE 16, 16, 4

  LOOP_BEGIN 0, 256, 1            ; Output row tiles
    LOOP_BEGIN 1, 512, 1          ; Output col tiles
      LOOP_BEGIN 2, 64, 1         ; Reduction tiles
        BM_MOVE_TILE A, AUTO      ; Address from loop indices
        BM_MOVE_TILE B, AUTO
      LOOP_END 2
      BM_WRITEBACK_TILE C, AUTO
    LOOP_END 1
  LOOP_END 0

  Streamer Program (Compact Form)

  ; Configure systolic feeding pattern
  SET_FABRIC_SIZE 16

  LOOP_BEGIN 0, 256, 1
    LOOP_BEGIN 1, 512, 1
      LOOP_BEGIN 2, 64, 1
        STR_FEED_ROWS A, AUTO     ; Feed 16 rows from west
        STR_FEED_COLS B, AUTO     ; Feed 16 cols from north
      LOOP_END 2
      STR_DRAIN_OUTPUT C, AUTO    ; Drain 16×16 result
    LOOP_END 1
  LOOP_END 0

  What's Missing from the Current ISA
  ┌────────────────────┬────────────────────────────┬───────────────────────────────────────────────┐
  │      Feature       │       Current State        │                    Needed                     │
  ├────────────────────┼────────────────────────────┼───────────────────────────────────────────────┤
  │ Hardware loops     │ LOOP_BEGIN/END exist       │ Need loop counter registers, proper semantics │
  ├────────────────────┼────────────────────────────┼───────────────────────────────────────────────┤
  │ Address generation │ Manual in each instruction │ AUTO mode using base + stride × index         │
  ├────────────────────┼────────────────────────────┼───────────────────────────────────────────────┤
  │ Stride registers   │ Not defined                │ SET_STRIDE for each matrix dimension          │
  ├────────────────────┼────────────────────────────┼───────────────────────────────────────────────┤
  │ Base registers     │ Not defined                │ SET_BASE for relocatable programs             │
  ├────────────────────┼────────────────────────────┼───────────────────────────────────────────────┤
  │ Index computation  │ Not defined                │ Loop index → tile coordinate mapping          │
  └────────────────────┴────────────────────────────┴───────────────────────────────────────────────┘
  Multi-Level Block MatMul

  Multi-SoC Level (future):
    Block matmul of KPU chips
    Each "element" is a full KPU computation

  KPU SoC Level:
    Block matmul across checkerboard
    Each "element" is a 256×256 super-tile

  Checkerboard Level:
    Block matmul of compute tiles
    Each "element" is a 16×16 tile

  Compute Tile Level:
    Systolic matmul
    Each "element" is a float

  Summary

  I failed to recognize that:
  1. The ISA must support parametric programs with address generation
  2. The checkerboard is a block matrix multiplier
  3. Real hardware has finite program storage
  4. Loop instructions exist for a reason

  The current ISA has the opcodes but lacks the address generation machinery to make loops useful. Should I design the address generation and loop counter extensions needed to make this work?

✻ Baked for 50s

  Todos · ctrl+t to hide todos
  ☐ Design component test harness architecture
  ☐ Create DMA engine test harness (single + multi-channel)
  ☐ Create BlockMover test harness (L3 → L2 transfers)
  ☐ Create Streamer test harness (L2 → L1 feeds)
  ☐ Define T256 hardware configuration
  ☐ Generate large matmul assembly program
  ☐ Extract DMA sub-program from full schedule
  ☐ Extract BlockMover sub-program from full schedule
  ☐ Extract Streamer sub-program from full schedule
  ☐ Implement tile movement tracing/visualization
  ☐ Validate component programs independently
  ☐ Integrate and validate full schedule

## changelog entry and session log:

  Changelog Entry (CHANGELOG.md):
  - Added documentation for Loop Machinery and Address Generation ISA Extensions
  - Lists all new opcodes, classes, and the example assembly file

  Session Log (docs/sessions/2026-02-03_loop_machinery_isa_extensions.md):
  - Summary of the implementation
  - Scope table with status
  - 5 technical decisions with rationale
  - 1 issue encountered and fixed
  - Verification commands
  - Files modified
  - Next steps for completing the implementation

  Summary of Work Completed:
  ┌────────────────────────────────────────┬──────────┐
  │               Component                │  Status  │
  ├────────────────────────────────────────┼──────────┤
  │ ISA Extensions (opcodes, enums)        │ Complete │
  ├────────────────────────────────────────┼──────────┤
  │ LoopState class                        │ Complete │
  ├────────────────────────────────────────┼──────────┤
  │ AddressGenerator class                 │ Complete │
  ├────────────────────────────────────────┼──────────┤
  │ ISARegisterFile class                  │ Complete │
  ├────────────────────────────────────────┼──────────┤
  │ Assembler updates                      │ Complete │
  ├────────────────────────────────────────┼──────────┤
  │ Large matmul example (32 instructions) │ Complete │
  ├────────────────────────────────────────┼──────────┤
  │ Loop execution in executor             │ Pending  │
  ├────────────────────────────────────────┼──────────┤
  │ End-to-end validation                  │ Pending  │
  └────────────────────────────────────────┴──────────┘
  The compact program model is now defined: 32 instructions express 8.4 million tile operations for the 4096×1024×8192 matmul. The next phase is implementing loop execution in the behavioral and transactional executors.

● I've completed the implementation of loop execution in the behavioral executor. Here's a summary of what was accomplished:

  Summary

  Phase 2 Complete: Loop Execution in Behavioral Executor

  Changes made:

  1. Header file (behavioral_program_executor.hpp)
    - Added ISARegisterFile member for loop state and address generation
    - Added statistics for loop_iterations and config_instructions
    - Added AUTO dispatch method declarations
  2. Implementation file (behavioral_program_executor.cpp)
    - Changed run() from simple for-loop to PC-based execution
    - LOOP_BEGIN increments PC and stores loop state
    - LOOP_END either branches back (loop continues) or increments PC (loop done)
    - Implemented SET_* configuration opcodes (SET_TILE_DIM, SET_STRIDE, etc.)
    - Implemented AUTO addressing opcodes that compute addresses from loop indices
    - load_program() now configures address generator with base addresses
  3. Test file (test_behavioral_program_executor.cpp)
    - Added test_loop_machinery() test that verifies a 32×32×32 matmul with 2×2×2 tiling
    - Uses 26 instructions with loops to execute 8 tile operations
    - Verifies correct results (all elements = 32.0)

  Test results:
  - 79/79 tests pass
  - Loop machinery test shows:
    - 8 computes (2×2×2 tiles)
    - 14 loop iterations
    - 16 DMA loads
    - All 1024 elements correct

  Key achievement: The behavioral executor can now execute compact parametric programs (~26 instructions) that represent millions of tile operations through loop machinery and AUTO addressing.

✻ Crunched for 20m 47s

● Background command "Build project to check for compilation errors" completed (exit code 0)

● Both background tasks completed successfully. The build and tests all pass. The loop machinery implementation in the behavioral executor is complete and verified.

  Is there anything else you'd like me to work on? Some options from the session plan:

  1. Implement loop execution in transactional executor - Add timing model for loop iteration overhead
  2. Create component test harnesses - DMA/BlockMover/Streamer harnesses
  3. End-to-end validation - Run large matmul and verify correctness
  4. Commit the changes - Create a git commit for the Phase 2 work
  5. Run /wrapup - Create changelog entry and session log

